00:45.322  render           | Saved: '/Users/tomdeleu/git/kiddie-game/app/ao-study-feest/04-ambient-1200.png'
01:53.936  render           | Saved: '/Users/tomdeleu/git/kiddie-game/app/ao-study-feest/04-ambient-800.png'
02:33.047  render           | Saved: '/Users/tomdeleu/git/kiddie-game/app/ao-study-feest/04-ambient-500.png'
03:14.578  render           | Saved: '/Users/tomdeleu/git/kiddie-game/app/ao-study-feest/04-ambient-300.png'
  Schil          4 objects
  Vloer        180 objects
  Props        130 objects
  Rig           19 objects
  Gasten       194 objects
  Camera         1 objects
  Licht          5 objects
  shadows      174 meshes out of the shadow map
Het Feest: 533 objects, 13527 faces
plate    open_L=0.8636  shadow_L=0.6325  contrast=1.365  ground=1.288  sat=0.1681  kept=572130/921600
wrote /Users/tomdeleu/git/kiddie-game/app/ao-study-feest/04-ambient-1200.png
a1200    open_L=0.8860  shadow_L=0.5391  contrast=1.644  ground=1.502  sat=0.1714  kept=1211536/1470000
score    {"contrast_err": 0.165945065625028, "open_drop": 0.0, "open_err": 0.02234509670734397, "pass": false, "pass_contrast": false, "pass_open": true, "pass_sat": true, "pass_shadow": false, "plate_err": 0.0721193325261072, "sat_err": 0.019457593818905123, "shadow_err": 0.08072957395315172}
wrote /Users/tomdeleu/git/kiddie-game/app/ao-study-feest/04-ambient-800.png
a800     open_L=0.8358  shadow_L=0.4923  contrast=1.698  ground=1.474  sat=0.1680  kept=1211204/1470000
score    {"contrast_err": 0.14368797927738763, "open_drop": 0.0, "open_err": 0.02490823380947116, "pass": false, "pass_contrast": true, "pass_open": true, "pass_sat": true, "pass_shadow": false, "plate_err": 0.06763551671452794, "sat_err": 0.0006500065341429593, "shadow_err": 0.10129584723711005}
wrote /Users/tomdeleu/git/kiddie-game/app/ao-study-feest/04-ambient-500.png
a500     open_L=0.7882  shadow_L=0.4524  contrast=1.742  ground=1.398  sat=0.1619  kept=1206396/1470000
score    {"contrast_err": 0.08527435438926617, "open_drop": 0.0, "open_err": 0.06942980408668531, "pass": false, "pass_contrast": true, "pass_open": true, "pass_sat": true, "pass_shadow": false, "plate_err": 0.0735244483681522, "sat_err": 0.03696053292537212, "shadow_err": 0.1024331020712852}
wrote /Users/tomdeleu/git/kiddie-game/app/ao-study-feest/04-ambient-300.png
a300     open_L=0.7554  shadow_L=0.4251  contrast=1.777  ground=1.352  sat=0.1567  kept=1211440/1470000
score    {"contrast_err": 0.04925840230881464, "open_drop": 0.0, "open_err": 0.09782352788448345, "pass": false, "pass_contrast": true, "pass_open": false, "pass_sat": true, "pass_shadow": false, "plate_err": 0.07962023042436649, "sat_err": 0.06750392873570861, "shadow_err": 0.10389506276845928}
best ambient 800 plate_err=0.0676 pass=False
Blender 5.2.0 LTS (hash fbe6228777e7 built 2026-07-14 01:31:22)

Blender quit
